================================================================================
≡ƒº¬ TESTING EMAIL DELIVERY NOW...
================================================================================
2026-05-04 16:23:46,245 - INFO - ≡ƒº¬ TEST STRIKE: Sending to samsalameh.cv@gmail.com
.\.sovereign_runtime\python.exe : Warning: Ignoring extra certs from 
`C:\Users\samde\AppData\Local\aicodings-ca.crt`, load failed: error:80000002:system 
library::No such file or directory
At line:1 char:32
+ ... NG='utf-8'; .\.sovereign_runtime\python.exe test_email_now.py 2>&1 |  ...
+                 ~~~~~~~~~~~~~~~~~~~~~~~~~~~~~~~~~~~~~~~~~~~~~~~~~~~~~~
    + CategoryInfo          : NotSpecified: (Warning: Ignori...le or directory:String) 
    [], RemoteException
    + FullyQualifiedErrorId : NativeCommandError
 
≡ƒîÉ Starting Chromium browser...
≡ƒôä Loading HTML: C:\Users\samde\Desktop\cv job taba3 rita la a3mol la 8er hadan\Sam_Salameh_CV_Enhanced.html
≡ƒôä Generating PDF...
Γ£à PDF generated: C:\Users\samde\Desktop\cv job taba3 rita la a3mol la 8er hadan\core\..\core\pdf_cache\Sam_Salameh_CV.pdf
≡ƒÄ» PDF is 100% identical to HTML!
2026-05-04 16:23:48,770 - INFO - Γ£à Added Playwright PDF CV: C:\Users\samde\Desktop\cv job taba3 rita la a3mol la 8er hadan\core\..\core\pdf_cache\Sam_Salameh_CV.pdf
Warning: Ignoring extra certs from `C:\Users\samde\AppData\Local\aicodings-ca.crt`, 
load failed: error:80000002:system library::No such file or directory
Γ£à Cover Letter PDF generated: C:\Users\samde\Desktop\cv job taba3 rita la a3mol la 8er hadan\core\..\core\pdf_cache\Cover_Letter_Future_Tech_Industries.pdf
2026-05-04 16:23:51,059 - INFO - Γ£à Added Cover Letter PDF: C:\Users\samde\Desktop\cv job taba3 rita la a3mol la 8er hadan\core\..\core\pdf_cache\Cover_Letter_Future_Tech_Industries.pdf
2026-05-04 16:23:51,077 - INFO - ≡ƒôº Selected provider: Brevo (0/300 used, 300 remaining)
2026-05-04 16:23:51,077 - INFO - ≡ƒôº Selected provider: Brevo (0/300 used, 300 remaining)
2026-05-04 16:23:51,077 - INFO - ≡ƒôº Using provider: Brevo (rotation system)
2026-05-04 16:23:51,078 - INFO - ≡ƒôº EMAIL SUBJECT: Application: Lead Automation Engineer - Future Tech Industries [STRIKE-2771]
2026-05-04 16:23:51,078 - INFO - ≡ƒöì [GMAIL-CHECK] User: Γ£à SET (samsalameh... if set)
2026-05-04 16:23:51,078 - INFO - ≡ƒöì [GMAIL-CHECK] Pass: Γ£à SET (16 chars)
2026-05-04 16:23:51,078 - INFO - ≡ƒôº [GMAIL-SMTP] Γ¡É PRIORITY 1A: Attempting Gmail SMTP Port 465 (SSL)...
2026-05-04 16:23:51,155 - INFO - ≡ƒöî [Gmail (SSL-465)] Connecting to smtp.gmail.com:465 (SSL=True)...
2026-05-04 16:23:51,970 - INFO - Γ£à [Gmail (SSL-465)] SSL connection established
2026-05-04 16:23:51,970 - INFO - ≡ƒöÉ [Gmail (SSL-465)] Authenticating as samsalameh.cv@g...
2026-05-04 16:23:52,341 - INFO - Γ£à [Gmail (SSL-465)] Authentication successful!
2026-05-04 16:23:52,342 - INFO - ≡ƒôñ [Gmail (SSL-465)] Sending message to samsalameh.cv@gmail.com...
2026-05-04 16:23:58,074 - INFO - Γ£à [Gmail (SSL-465)] Message sent successfully!
2026-05-04 16:23:58,140 - INFO - Γ£à Γ¡É GMAIL SMTP 465 SUCCESS ΓÇö Delivered via Gmail directly to INBOX!
2026-05-04 16:23:58,142 - INFO - Γ£à TEST STRIKE SUCCESS: Email sent to samsalameh.cv@gmail.com
================================================================================
Γ£à Email sent successfully!
≡ƒô¼ Check your inbox at: samsalameh.cv@gmail.com
================================================================================
